Sjasm Z80 Assembler v0.42c - www.xl2s.tk             [2017.10.24 - 08:37:10]

totalras.asm
Errors: 0

       1   00:0000                      		output "TOTALRAS.rom"
       2   00:0000                      
       3   00:0000                      		defpage	 0,0x4000, 0x2000		; page 0 main code 
       4   00:0000                      		defpage	 1,0x6000, 0x2000		; page 1 
       5   00:0000                      		defpage	 2..31					; swapped data 
       6   00:0000                      	
       7   00:0000                      		;	konami scc
       8   00:0000                      		
       9   00:0000  (00:5000)           _kBank1:	equ 05000h ;- 57FFh (5000h used)
      10   00:0000  (00:7000)           _kBank2: 	equ 07000h ;- 77FFh (7000h used)
      11   00:0000  (00:9000)           _kBank3: 	equ 09000h ;- 97FFh (9000h used)
      12   00:0000  (00:B000)           _kBank4: 	equ 0B000h ;- B7FFh (B000h used)
      13   00:0000                      	
      14   00:0000  (00)                		page 0
      15   00:4000                      		
      16   00:4000                              org 4000h
      17   00:4000                              dw  4241h,START,0,0,0,0,0,0
      17   00:4000  41 42 4B 40 00 00 00 00 00 00 00 00 00 00 00 00 
      18   00:4010                      		
      19   00:4010                      		; make happy the map guessers
      20   00:4010  32 00 50            		ld	(_kBank1),a
      21   00:4013  32 00 70            		ld	(_kBank2),a
      22   00:4016  32 00 90            		ld	(_kBank3),a
      23   00:4019  32 00 B0            		ld	(_kBank4),a
      24   00:401C                      
      25   00:401C                      screeninit:
      26   00:401C  3E 08               		ld		a,8
      27   00:401E  CD 5F 00            		call	005fh		
      28   00:4021                      
      29   00:4021  F3                  		di                
      30   00:4022  3E 0A               		ld     a,#0A      
      31   00:4024  D3 99               		out    (#99),a    
      32   00:4026  3E 88               		ld     a,#88      
      33   00:4028  D3 99               		out    (#99),a  	; no sprites
      34   00:402A                      
      35   00:402A  FB                  		ei
      36   00:402B                      
      37   00:402B  21 00 00            		ld		hl,0h
      38   00:402E  CD 53 00            		call	0053h		
      39   00:4031                      
      40   00:4031  11 10 01            		ld		de,256*:_opening+8+8
      41   00:4034                      		
      42   00:4034                      outvram:
      43   00:4034  7A                  2:		ld	a,d
      44   00:4035  32 00 70            		ld	(_kBank2),a
      45   00:4038  21 00 60            		ld	hl,0x6000
      46   00:403B                      		
      47   00:403B  01 98 00            		ld	bc,0x98
      48   00:403E  3E 20               		ld	a,32
      49   00:4040  ED B3               1:		otir
      50   00:4042  3D                  		dec	a
      51   00:4043  C2 40 40            		jp	nz,1b
      52   00:4046  14                  		inc	d
      53   00:4047  1D                  		dec	e
      54   00:4048  20 EA               		jr	nz,2b
      55   00:404A  C9                  		ret
      56   00:404B                      		
      57   00:404B                      		
      58   00:404B                      		
      59   00:404B                      		
      60   00:404B                      START:  
      61   00:404B  CD 1C 40            		call	screeninit
      62   00:404E                      		
      63   00:404E  11 00 00            		ld de,0
      64   00:4051                      		
      65   00:4051  76                  2:		halt              ; allow ISR
      66   00:4052  F3                  		di
      67   00:4053  7A                  		ld		a,d
      68   00:4054  D3 99               		out    	(#99),a    
      69   00:4056  3E 97               		ld		a,23 or 010000000b
      70   00:4058  D3 99               		out    	(#99),a  	; scroll=0
      71   00:405A                      				
      72   00:405A  3E 3F                       ld		a,#3F           
      73   00:405C  D3 99               		out    	(#99),a    
      74   00:405E  3E 82               		ld		a,#82
      75   00:4060  D3 99               		out    	(#99),a    ; set page 1
      76   00:4062  FB                  		ei
      77   00:4063  CD 6A 40            		call   	raster_wave
      78   00:4066                      		
      79   00:4066  13                  		inc		de
      80   00:4067  C3 51 40            		jp		2b    
      81   00:406A                      ;S#2		
      82   00:406A                      ;b6	VR: Vertical scanning line timing flag
      83   00:406A                      ;		During vertical retrace and while lower and upper bordersare drawn, this flag is set to 1.
      84   00:406A                      
      85   00:406A                      ;b5	HR: Horizontal scanning line timing flag
      86   00:406A                      ;		During horizontal retrace and while left and right borders are drawn, this flag is set to 1.
      87   00:406A                             
      88   00:406A                      raster_wave:   
      89   00:406A  F3                  		di     
      90   00:406B                      		
      91   00:406B  3E 97               		ld     a,#97      
      92   00:406D  D3 99               		out    (#99),a    
      93   00:406F  3E 91               		ld     a,#91      
      94   00:4071  D3 99               		out    (#99),a  	; write R#23 using port 0x9B and R#17
      95   00:4073                      		
      96   00:4073  3E 6A               		ld		a,106
      97   00:4075  82                  		add		a,d
      98   00:4076  D3 99               		out    	(#99),a    
      99   00:4078  3E 93               		ld		a,19 or 010000000b
     100   00:407A  D3 99               		out    	(#99),a  	; Set FH at line 106
     101   00:407C                      
     102   00:407C  3E 01               		ld     a,#01      
     103   00:407E  D3 99                       out    (#99),a    
     104   00:4080  3E 8F               		ld     a,#8f      
     105   00:4082  D3 99               		out    (#99),a		; read S#1
     106   00:4084                      
     107   00:4084                      1:   						; wait for start of the line in R#19
     108   00:4084  DB 99               		in a,(#99)
     109   00:4086  0F                          rrca
     110   00:4087  D2 84 40                    jp nc,1b		
     111   00:408A                      
     112   00:408A  3E 1F                       ld		a,#1F           
     113   00:408C  D3 99               		out    	(#99),a    
     114   00:408E  3E 82               		ld		a,#82
     115   00:4090  D3 99               		out    	(#99),a    ; set page 0
     116   00:4092                      		
     117   00:4092  3E 02               		ld     a,#02      
     118   00:4094  D3 99                       out    (#99),a    
     119   00:4096  3E 8F               		ld     a,#8f      
     120   00:4098  D3 99               		out    (#99),a		; read S#2
     121   00:409A                      		
     122   00:409A                      
     123   00:409A  21 B8 40            		ld     	hl,raster_tab
     124   00:409D  06 67               		ld		b,103
     125   00:409F                      
     126   00:409F                      .loop:
     127   00:409F  7E                  		ld	a,(hl)
     128   00:40A0  93                  		sub	a,e
     129   00:40A1  23                  		inc	hl
     130   00:40A2  08                  		ex af,af'
     131   00:40A3                      		
     132   00:40A3  DB 99               1:   	in     a,(#99)     ; wait for HR start  the line
     133   00:40A5  CB 6F               		bit    5,a        
     134   00:40A7  CA A3 40            		jp     z,1b   
     135   00:40AA                      		
     136   00:40AA  08                  		ex af,af'
     137   00:40AB  D3 9B               		out	(#9B),a
     138   00:40AD  10 F0               		djnz .loop        
     139   00:40AF                      		
     140   00:40AF  AF                  		xor    a          
     141   00:40B0  D3 99               		out    (#99),a    
     142   00:40B2  3E 8F               		ld     a,#8f      
     143   00:40B4  D3 99               		out    (#99),a    
     144   00:40B6  FB                  		ei                
     145   00:40B7  C9                  		ret
     146   00:40B8                      		
     147   00:40B8                                 
     148   00:40B8                      
     149   00:40B8                      raster_tab:  
     150   00:40B8                      		repeat 256
     151   00:40B8                    < 		db (@#-256/(1+@#)) & 255
     152   00:40B8                    < 		endrepeat
     152   00:40B8  00 81 AD C3 D1 DB E2 E7 EC F0 F3 F6 F9 FB FD FF 
     152   00:40C8  01 03 05 07 08 0A 0B 0D 0E 10 11 12 14 15 16 17 
     152   00:40D8  19 1A 1B 1C 1E 1F 20 21 22 23 25 26 27 28 29 2A 
     152   00:40E8  2B 2C 2D 2F 30 31 32 33 34 35 36 37 38 39 3A 3B 
     152   00:40F8  3D 3E 3F 40 41 42 43 44 45 46 47 48 49 4A 4B 4C 
     152   00:4108  4D 4E 4F 50 51 53 54 55 56 57 58 59 5A 5B 5C 5D 
     152   00:4118  5E 5F 60 61 62 63 64 65 66 67 68 69 6A 6B 6C 6D 
     152   00:4128  6E 6F 70 71 72 73 74 75 76 77 78 79 7A 7B 7C 7D 
     152   00:4138  7F 80 81 82 83 84 85 86 87 88 89 8A 8B 8C 8D 8E 
     152   00:4148  8F 90 91 92 93 94 95 96 97 98 99 9A 9B 9C 9D 9E 
     152   00:4158  9F A0 A1 A2 A3 A4 A5 A6 A7 A8 A9 AA AB AC AD AE 
     152   00:4168  AF B0 B1 B2 B3 B4 B5 B6 B7 B8 B9 BA BB BC BD BE 
     152   00:4178  BF C0 C1 C2 C3 C4 C5 C6 C7 C8 C9 CA CB CC CD CE 
     152   00:4188  CF D0 D1 D2 D3 D4 D5 D6 D7 D8 D9 DA DB DC DD DE 
     152   00:4198  DF E0 E1 E2 E3 E4 E5 E6 E7 E8 E9 EA EB EC ED EE 
     152   00:41A8  EF F0 F1 F2 F3 F4 F5 F6 F7 F8 F9 FA FB FC FD FE 
     153   00:41B8                        
     154   00:41B8                      		; include rast_mode8.txt		; include rast.txt
     155   00:41B8                      end_raster_tab:
     156   00:41B8                      
     157   00:41B8  (01)                		page 1
     158   01:6000                      _opening:
     159   01:6000  (2000)              		incbin "PLASMA.bin",0x0000,0x2000
     160   01:8000  (02)                		page 2
     161   02:6000  (2000)              		incbin "PLASMA.bin",0x2000,0x2000
     162   02:8000  (03)                		page 3
     163   03:6000  (2000)              		incbin "PLASMA.bin",0x4000,0x2000
     164   03:8000  (04)                		page 4
     165   04:6000  (2000)              		incbin "PLASMA.bin",0x6000,0x2000
     166   04:8000  (05)                		page 5
     167   05:6000  (2000)              		incbin "PLASMA.bin",0x8000,0x2000
     168   05:8000  (06)                		page 6
     169   06:6000  (2000)              		incbin "PLASMA.bin",0xA000,0x2000
     170   06:8000  (07)                		page 7
     171   07:6000  (2000)              		incbin "PLASMA.bin",0xC000,0x2000
     172   07:8000  (08)                		page 8
     173   08:6000  (2000)              		incbin "PLASMA.bin",0xE000,0x2000
     174   08:8000                      
     175   08:8000  (09)                		page 9
     176   09:6000  (2000)              		incbin "galaxy.bin",0x0000,0x2000
     177   09:8000  (0A)                		page 10
     178   0A:6000  (2000)              		incbin "galaxy.bin",0x2000,0x2000
     179   0A:8000  (0B)                		page 11
     180   0B:6000  (2000)              		incbin "galaxy.bin",0x4000,0x2000
     181   0B:8000  (0C)                		page 12
     182   0C:6000  (2000)              		incbin "galaxy.bin",0x6000,0x2000
     183   0C:8000  (0D)                		page 13
     184   0D:6000  (2000)              		incbin "galaxy.bin",0x8000,0x2000
     185   0D:8000  (0E)                		page 14
     186   0E:6000  (2000)              		incbin "galaxy.bin",0xA000,0x2000
     187   0E:8000  (0F)                		page 15
     188   0F:6000  (2000)              		incbin "galaxy.bin",0xC000,0x2000
     189   0F:8000  (10)                		page 16
     190   10:6000  (2000)              		incbin "galaxy.bin",0xE000,0x2000
     191   10:8000                      		

    LABELS
-------------------------------------------------
00:00005000   _kBank1
00:00007000   _kBank2
00:00009000   _kBank3
00:0000B000   _kBank4
00:0000401C   screeninit
00:00004034 X outvram
00:0000404B   START
00:0000406A   raster_wave
00:0000409F   raster_wave.loop
00:000040B8   raster_tab
00:000041B8 X end_raster_tab
01:00006000   _opening


 Output: totalras.out
-------------------------------------------------

 Page: 00
  Org: 00004000  Size: *  Used: 00000000

    No output

 Output: TOTALRAS.rom
-------------------------------------------------

 Page: 00
  Org: 00004000  Size: 00002000  Used: 000001B8

   Address   Length Align   Label
   00004000     440         screeninit
   000041B8    7752       <empty>

 Page: 01
  Org: 00006000  Size: 00002000  Used: 00002000

   Address   Length Align   Label
   00006000    8192         _opening

 Page: 02
  Org: 00006000  Size: 00002000  Used: 00002000

   Address   Length Align   Label
   00006000    8192         

 Page: 03
  Org: 00006000  Size: 00002000  Used: 00002000

   Address   Length Align   Label
   00006000    8192         

 Page: 04
  Org: 00006000  Size: 00002000  Used: 00002000

   Address   Length Align   Label
   00006000    8192         

 Page: 05
  Org: 00006000  Size: 00002000  Used: 00002000

   Address   Length Align   Label
   00006000    8192         

 Page: 06
  Org: 00006000  Size: 00002000  Used: 00002000

   Address   Length Align   Label
   00006000    8192         

 Page: 07
  Org: 00006000  Size: 00002000  Used: 00002000

   Address   Length Align   Label
   00006000    8192         

 Page: 08
  Org: 00006000  Size: 00002000  Used: 00002000

   Address   Length Align   Label
   00006000    8192         

 Page: 09
  Org: 00006000  Size: 00002000  Used: 00002000

   Address   Length Align   Label
   00006000    8192         

 Page: 0A
  Org: 00006000  Size: 00002000  Used: 00002000

   Address   Length Align   Label
   00006000    8192         

 Page: 0B
  Org: 00006000  Size: 00002000  Used: 00002000

   Address   Length Align   Label
   00006000    8192         

 Page: 0C
  Org: 00006000  Size: 00002000  Used: 00002000

   Address   Length Align   Label
   00006000    8192         

 Page: 0D
  Org: 00006000  Size: 00002000  Used: 00002000

   Address   Length Align   Label
   00006000    8192         

 Page: 0E
  Org: 00006000  Size: 00002000  Used: 00002000

   Address   Length Align   Label
   00006000    8192         

 Page: 0F
  Org: 00006000  Size: 00002000  Used: 00002000

   Address   Length Align   Label
   00006000    8192         

 Page: 10
  Org: 00006000  Size: 00002000  Used: 00002000

   Address   Length Align   Label
   00006000    8192         

 Page: 11
  Org: 00006000  Size: 00002000  Used: 00000000

   00006000    8192       <empty>

 Page: 12
  Org: 00006000  Size: 00002000  Used: 00000000

   00006000    8192       <empty>

 Page: 13
  Org: 00006000  Size: 00002000  Used: 00000000

   00006000    8192       <empty>

 Page: 14
  Org: 00006000  Size: 00002000  Used: 00000000

   00006000    8192       <empty>

 Page: 15
  Org: 00006000  Size: 00002000  Used: 00000000

   00006000    8192       <empty>

 Page: 16
  Org: 00006000  Size: 00002000  Used: 00000000

   00006000    8192       <empty>

 Page: 17
  Org: 00006000  Size: 00002000  Used: 00000000

   00006000    8192       <empty>

 Page: 18
  Org: 00006000  Size: 00002000  Used: 00000000

   00006000    8192       <empty>

 Page: 19
  Org: 00006000  Size: 00002000  Used: 00000000

   00006000    8192       <empty>

 Page: 1A
  Org: 00006000  Size: 00002000  Used: 00000000

   00006000    8192       <empty>

 Page: 1B
  Org: 00006000  Size: 00002000  Used: 00000000

   00006000    8192       <empty>

 Page: 1C
  Org: 00006000  Size: 00002000  Used: 00000000

   00006000    8192       <empty>

 Page: 1D
  Org: 00006000  Size: 00002000  Used: 00000000

   00006000    8192       <empty>

 Page: 1E
  Org: 00006000  Size: 00002000  Used: 00000000

   00006000    8192       <empty>

 Page: 1F
  Org: 00006000  Size: 00002000  Used: 00000000

   00006000    8192       <empty>
